('AND',
 ('NOT',
  ('OR',
   ('AND',
    ('=', ('Identifier', 'chemical_formula'), ('String', '"Al"')),
    ('=', ('Identifier', 'prototype_formula'), ('String', '"A"'))),
   ('AND',
    ('=', ('Identifier', 'prototype_formula'), ('String', '"Al"')),
    ('NOT', ('=', ('Identifier', 'chemical_formula'), ('String', '"Ti"')))))),
 ('OR',
  ('AND',
   ('=', ('Identifier', 'prototype_formula'), ('String', '"Ga"')),
   ('=', ('Identifier', 'chemical_formula'), ('String', '"Ti"'))),
  ('AND',
   ('=', ('Identifier', 'chemical_formula'), ('String', '"Na"')),
   ('=', ('Identifier', 'chemical_formula'), ('String', '"Ti"')))))
