('OR',
 ('<=', ('Identifier', 'aax'), ('Number', '+.1e8')),
 ('AND',
  ('>=', ('Identifier', 'c21'), ('Number', '10')),
  ('NOT',
   ('OR',
    ('!=', ('Identifier', 'x'), ('String', '"Some string"')),
    ('NOT', ('=', ('Identifier', 'a'), ('Identifier', 'b')))))))
