('OR',
 ('<=', ('Identifier', 'aax'), ('Number', '+.1e8')),
 ('OR',
  ('AND',
   ('>=', ('Identifier', 'c21'), ('Number', '10')),
   ('NOT', ('=', ('Identifier', 'f'), ('Identifier', 'y')))),
  ('OR',
   ('NOT', ('>=', ('Identifier', 'a'), ('Identifier', 'b'))),
   ('OR',
    ('=', ('Identifier', 'x'), ('Identifier', 't')),
    ('OR',
     ('NOT', ('!=', ('Identifier', 'x'), ('String', '"Some string"'))),
     ('AND',
      ('=', ('Identifier', 'a'), ('Identifier', 'b')),
      ('AND',
       ('>', ('Identifier', 'x'), ('Identifier', 'v')),
       ('NOT', ('<', ('Identifier', 'v'), ('Identifier', 'w'))))))))))
