('AND',
 ('NOT', ('>', ('Identifier', 'a'), ('Identifier', 'b'))),
 ('NOT', ('>', ('Identifier', 'x'), ('Number', '0'))))
