('AND',
 ('CONTAINS', ('Identifier', 'chemical_formula'), ('String', '"Al"')),
 ('AND',
  ('STARTS', ('Identifier', 'chemical_formula'), ('String', '"Al"')),
  ('ENDS', ('Identifier', 'chemical_formula'), ('String', '"Al"'))))
