('LENGTH', '=', ('Identifier', 'elements'), ('String', '"42"'))
