('AND',
 ('>', ('Identifier', '_exmpl_bandgap'), ('Number', '5.0')),
 ('<', ('Identifier', '_exmpl_molecular_weight'), ('Number', '350')))
