('>', ('Identifier', 'nelements'), ('Number', '3'))
