('<', ('Identifier', '_exmpl_cell_volume'), ('Number', '100.0'))
