('AND',
 ('HAS_ALL', ('=',), ('Identifier', 'elements'), (('String', '"H"'),)),
 ('AND',
  ('HAS_ALL', ('Identifier', 'elements'), (('String', '"H"'),)),
  ('AND',
   ('HAS_EXACTLY', ('Identifier', 'elements'), (('String', '"H"'),)),
   ('AND',
    ('HAS_ANY', ('Identifier', 'elements'), (('String', '"H"'),)),
    ('HAS_ONLY', ('Identifier', 'elements'), (('String', '"H"'),))))))
