('AND',
 ('HAS_ALL', ('=',), ('Identifier', 'elements'), (('String', '"H"'),)),
 ('AND',
  ('HAS_ALL',
   ('Identifier', 'elements'),
   (('String', '"H"'),
    ('String', '"He"'),
    ('String', '"Ga"'),
    ('String', '"Ta"'))),
  ('AND',
   ('HAS_EXACTLY',
    ('Identifier', 'elements'),
    (('String', '"H"'),
     ('String', '"He"'),
     ('String', '"Ga"'),
     ('String', '"Ta"'))),
   ('HAS_ANY',
    ('Identifier', 'elements'),
    (('String', '"H"'),
     ('String', '"He"'),
     ('String', '"Ga"'),
     ('String', '"Ta"'))))))
