('AND',
 ('HAS_ZIP',
  (('Identifier', 'elements'), ('Identifier', 'element_counts')),
  ('String', '"H"')),
 ('AND',
  ('HAS_ZIP_ALL',
   (('Identifier', 'elements'), ('Identifier', 'element_counts')),
   ((('String', '"H"'), ('Number', '6')),
    (('String', '"He"'), ('Number', '7')))),
  ('AND',
   ('HAS_ZIP_EXACTLY',
    (('Identifier', 'elements'), ('Identifier', 'element_counts')),
    ((('String', '"H"'), ('Number', '6')),)),
   ('AND',
    ('HAS_ZIP_ANY',
     (('Identifier', 'elements'), ('Identifier', 'element_counts')),
     ((('String', '"H"'), ('Number', '6')),
      (('String', '"He"'), ('Number', '7')))),
    ('HAS_ZIP_ONLY',
     (('Identifier', 'elements'), ('Identifier', 'element_counts')),
     ((('String', '"H"'), ('Number', '6')),
      (('String', '"He"'), ('Number', '7'))))))))
