('=', ('Identifier', '_exmpl_spacegroup'), ('String', '"P2"'))
