('=', ('Identifier', 'chemical_formula'), ('Number', '42'))
