('AND',
 ('=', ('Identifier', 'chemical_formula'), ('String', '"H2O"')),
 ('!=', ('Identifier', 'prototype_formula'), ('String', '"AB"')))
