('AND',
 ('CONTAINS', ('Identifier', 'prototype_formula'), ('String', '"C2"')),
 ('STARTS', ('Identifier', 'prototype_formula'), ('String', '"A2"')))
