('=', ('Identifier', '_exmpl_some_string_property'), ('Number', '42'))
