('<', ('Number', '5'), ('Identifier', '_exmpl_a'))
