('AND',
 ('NOT', ('>', ('Identifier', '_exmpl_a'), ('Identifier', '_exmpl_b'))),
 ('>', ('Identifier', '_exmpl_x'), ('Number', '0')))
